{"Name":"cpp","Type":"basic-cpp","Files":["blocks.cpp","chain.cpp","multiline-define.cpp","namespace.cpp","resolve.cpp","string-concat.cpp"],"Data":{}}
