{"Name":"php","Type":"basic-php","Files":["constants.php"],"Data":{}}
