{"Name":"clojure","Type":"basic-clojure","Files":["fn-tests/anonym-fn.clj","fn-tests/fn-last-args.clj","fn-tests/fn-multiple-let.clj","fn-tests/fn-simple.clj","let-tests/let-simple.clj","ns-tests/in-ns.clj","ns-tests/ns-simple.clj","vars-tests/var-simple.clj"],"Data":{}}
