{"Name":"php","Type":"basic-php","Files":["Lib/I.php","Lib/P.php","Lib/T.php","namespace.php"],"Data":{}}
