{"Name":"php","Type":"basic-php","Files":["functions.php"],"Data":{}}
