{"Name":"php","Type":"basic-php","Files":["namespace.php","variables.php"],"Data":{}}
