{"Name":"php","Type":"basic-php","Files":["this.php"],"Data":{}}
