{"Name":"php","Type":"basic-php","Files":["inheritance.php","namespace.php"],"Data":{}}
