{"Name":"php","Type":"basic-php","Files":["test.php"],"Data":{}}
